// Jest Snapshot v1, https://goo.gl/fbAQLP

exports[`Button component should render Button macth snapshot 1`] = `
<DocumentFragment>
  <button
    class="bg-primary-100 flex items-center py-2.5 rounded-xl hover:opacity-80 undefined undefined"
  >
    <p
      class="text-xsm font-medium text-dark-100 leading-5"
    >
      Subcriber
    </p>
  </button>
</DocumentFragment>
`;
